BOOT [{"title":false,"dl":false},{"title":false,"dl":false},{"title":false,"dl":false}]
AFTER_PRO {"figChk":"없음","bgChk":"옛 임시 장면(마을 창고)","sc":"P11","pro":true,"loc":"bed13","who":null,"plate":"","fig":"-","dim":false,"stage":"","txt":"","rail":true,"hots":0,"arrows":false}
줄 수 163 errs []
P1 | front | narr | [] | 그림:절차얼굴 표시0px²(흐림) | 배경:carriage INTRO04_carriage.png 로드 | stage=narr | rail=0 | hot=0 | 덜컹거리는 마차. 창밖으로 눈 덮이기 직전의 숲. 다람이 간식 봉지를 무릎에 올려놓고 있다.
P1 | front | det1 | [탐정다람] | 그림:그림속인물(겹침숨김) | 배경:carriage INTRO04_carriage.png 로드 | stage=det1 | rail=0 | hot=0 | 아빠. 이거 이제 진짜 마지막 봉지야.
P1 | front | det0 | [탐정아빠] | 그림:그림속인물(겹침숨김)(흐림) | 배경:carriage INTRO04_carriage.png 로드 | stage=det1 | rail=0 | hot=0 | 그럼 천천히 먹어야겠네.
P1 | front | det1 | [탐정다람] | 그림:그림속인물(겹침숨김) | 배경:carriage INTRO04_carriage.png 로드 | stage=det1 | rail=0 | hot=0 | 그래서 안 뜯었어. 반은 아빠 거니까 함부로 못 먹고.
P1 | front | det0 | [탐정아빠] | 그림:그림속인물(겹침숨김)(흐림) | 배경:carriage INTRO04_carriage.png 로드 | stage=det1 | rail=0 | hot=0 | 내 몫을 이렇게 엄하게 지켜 주네.
P1 | front | narr | [] | 그림:그림속인물(겹침숨김)(흐림) | 배경:carriage INTRO04_carriage.png 로드 | stage=det1 | rail=0 | hot=0 | 아빠가 낡은 편지 한 통을 펼친다. 봉투의 소인이 클로즈업된다. 골짜기 마을.
P1 | front | det1 | [탐정다람] | 그림:그림속인물(겹침숨김) | 배경:carriage INTRO04_carriage.png 로드 | stage=det1 | rail=0 | hot=0 | 또 봐? 이제 내가 읽어 줄 수도 있는데.
P1 | front | det0 | [탐정아빠] | 그림:그림속인물(겹침숨김)(흐림) | 배경:carriage INTRO04_carriage.png 로드 | stage=det1 | rail=0 | hot=0 | 오늘은 글씨 말고, 여기 도장. 소인이라고 해.
P1 | front | det1 | [탐정다람] | 그림:그림속인물(겹침숨김) | 배경:carriage INTRO04_carriage.png 로드 | stage=det1 | rail=0 | hot=0 | 편지한테 도장 찍어 주는 거야?
P1 | front | det0 | [탐정아빠] | 그림:그림속인물(겹침숨김)(흐림) | 배경:carriage INTRO04_carriage.png 로드 | stage=det1 | rail=0 | hot=0 | 응. 어디서 부쳤는지 알 수 있게. 이건 골짜기 마을이고.
P1 | front | det1 | [탐정다람] | 그림:그림속인물(겹침숨김) | 배경:carriage INTRO04_carriage.png 로드 | stage=det1 | rail=0 | hot=0 | 그럼 엄마가 여기 있다는 거네?
P1 | front | det0 | [탐정아빠] | 그림:그림속인물(겹침숨김)(흐림) | 배경:carriage INTRO04_carriage.png 로드 | stage=det1 | rail=0 | hot=0 | 여기서 보냈다는 건 알지. 지금도 있는지는 가서 알아보자.
P1 | front | det1 | [탐정다람] | 그림:그림속인물(겹침숨김) | 배경:carriage INTRO04_carriage.png 로드 | stage=det1 | rail=0 | hot=0 | …응. 같이.
P1 | front | narr | [] | 그림:그림속인물(겹침숨김)(흐림) | 배경:carriage INTRO04_carriage.png 로드 | stage=det1 | rail=0 | hot=0 | 다람이 편지를 한 번 더 본다. 마부석 쪽 창이 열리고 까마귀가 고개를 들이민다.
P1 | front | karo | [증인까로] | 그림:로드 karo-agree.png 표시228094px² | 배경:carriage INTRO04_carriage.png 로드 | stage=karo | rail=0 | hot=0 | 곧 도착합니다! 타신 분들, 여기 서명 부탁드려요. 규정이라서요.
P1 | front | det1 | [탐정다람] | 그림:그림속인물(겹침숨김) | 배경:carriage INTRO04_carriage.png 로드 | stage=det1 | rail=0 | hot=0 | 우리 이름도 배달해요?
P1 | front | karo | [증인까로] | 그림:로드 karo-0.png 표시174696px² | 배경:carriage INTRO04_carriage.png 로드 | stage=karo | rail=0 | hot=0 | 잘 모셔다드렸다는 표시죠. 머리로만 기억하면 꼭 하나씩 빠져서요.
P1 | front | narr | [] | 그림:로드 karo-0.png 표시174696px²(흐림) | 배경:carriage INTRO04_carriage.png 로드 | stage=karo | rail=0 | hot=0 | 아빠가 서명한다. 다람이 연필을 가져다 그 아래에 이름을 쓴다. 삐뚤빼뚤하다.
P1 | front | karo | [증인까로] | 그림:로드 karo-0.png 표시174696px² | 배경:carriage INTRO04_carriage.png 로드 | stage=karo | rail=0 | hot=0 | …여기까지가 이름인가요? 뒤에는 새가 날아가는 것 같은데.
P1 | front | det1 | [탐정다람] | 그림:그림속인물(겹침숨김) | 배경:carriage INTRO04_carriage.png 로드 | stage=det1 | rail=0 | hot=0 | 전부 이름이에요. 빨리 쓰면 날개가 생겨요.
P1 | front | det0 | [탐정아빠] | 그림:그림속인물(겹침숨김)(흐림) | 배경:carriage INTRO04_carriage.png 로드 | stage=det1 | rail=0 | hot=0 | 다람이라고 읽으시면 됩니다.
P1 | front | det1 | [탐정다람] | 그림:그림속인물(겹침숨김) | 배경:carriage INTRO04_carriage.png 로드 | stage=det1 | rail=0 | hot=0 | 아빠는 읽을 줄 알지. 가족이니까.
P2 | front | narr | [] | 그림:절차얼굴 표시0px²(흐림) | 배경:plaza KARxJQAAAAZJREFUAwCG9+mwigYc9QAAAABJRU5ErkJggg== 로드 | stage=narr | rail=0 | hot=0 | 마차에서 내린다. 작은 광장, 오래된 돌바닥. 마을 사람들이 겨울 장작을 나르고 있다.
P2 | front | det1 | [탐정다람] | 그림:로드 det1-0.png 표시120530px² | 배경:plaza KARxJQAAAAZJREFUAwCG9+mwigYc9QAAAABJRU5ErkJggg== 로드 | stage=det1 | rail=0 | hot=0 | 아빠, 벌써 광장 끝이야. 우리 동네 시장에선 아직 생선가게인데.
P2 | front | det0 | [탐정아빠] | 그림:로드 det1-0.png 표시120530px²(흐림) | 배경:plaza KARxJQAAAAZJREFUAwCG9+mwigYc9QAAAABJRU5ErkJggg== 로드 | stage=det1 | rail=0 | hot=0 | 오늘은 덜 걷겠네. 네 다리가 좋아하겠다.
P2 | front | det1 | [탐정다람] | 그림:로드 det1-0.png 표시120530px² | 배경:plaza KARxJQAAAAZJREFUAwCG9+mwigYc9QAAAABJRU5ErkJggg== 로드 | stage=det1 | rail=0 | hot=0 | 다리는 좋은데 눈은 더 구경하고 싶대.
P2 | front | narr | [] | 그림:로드 det1-0.png 표시120530px²(흐림) | 배경:plaza KARxJQAAAAZJREFUAwCG9+mwigYc9QAAAABJRU5ErkJggg== 로드 | stage=det1 | rail=0 | hot=0 | 긴 옷을 입은 늙은 주민 하나가 지나가다 멈춘다. 별지기 장로다. 시선이 다람의 목에 걸린 목걸이에 머문다.
P2 | front | narr | [] | 그림:로드 det1-0.png 표시120530px²(흐림) | 배경:plaza KARxJQAAAAZJREFUAwCG9+mwigYc9QAAAABJRU5ErkJggg== 로드 | stage=det1 | rail=0 | hot=0 | 짧은 정적. 장로는 아무 말 없이 고개를 돌려 지나간다.
P2 | front | det1 | [탐정다람] | 그림:로드 det1-0.png 표시120530px² | 배경:plaza KARxJQAAAAZJREFUAwCG9+mwigYc9QAAAABJRU5ErkJggg== 로드 | stage=det1 | rail=0 | hot=0 | 저 할아버지 나 알아? …그냥 귀여워서 보셨나?
P2 | front | det0 | [탐정아빠] | 그림:로드 det1-0.png 표시120530px²(흐림) | 배경:plaza KARxJQAAAAZJREFUAwCG9+mwigYc9QAAAABJRU5ErkJggg== 로드 | stage=det1 | rail=0 | hot=0 | …잠깐 보시긴 했네.
P2 | front | narr | [] | 그림:로드 det1-0.png 표시120530px²(흐림) | 배경:plaza KARxJQAAAAZJREFUAwCG9+mwigYc9QAAAABJRU5ErkJggg== 로드 | stage=det1 | rail=0 | hot=0 | 아빠의 시선이 장로의 뒷모습과 다람의 목걸이 사이를 한 번 오간다.
P3 | front | narr | [] | 그림:절차얼굴 표시0px²(흐림) | 배경:reception BG01_reception_panorama.png 로드 | stage=narr | rail=0 | hot=0 | 따뜻한 불빛. 낮은 천장. 할머니가 빗자루를 든 채 문을 연다.
P3 | front | innma | [상대할머니] | 그림:로드 innma-0.png 표시94607px² | 배경:reception BG01_reception_panorama.png 로드 | stage=innma | rail=0 | hot=0 | 어서 들어와. 눈 오기 전에 와서 다행이다.
P3 | front | narr | [] | 그림:로드 innma-0.png 표시94607px²(흐림) | 배경:reception BG01_reception_panorama.png 로드 | stage=innma | rail=0 | hot=0 | 할머니가 다람을 보고 손을 멈춘다.
P3 | front | innma | [상대할머니] | 그림:로드 innma-0.png 표시94607px² | 배경:reception BG01_reception_panorama.png 로드 | stage=innma | rail=0 | hot=0 | 아이고. 엄마를 쏙 빼닮았네.
P3 | front | narr | [] | 그림:로드 innma-0.png 표시94607px²(흐림) | 배경:reception BG01_reception_panorama.png 로드 | stage=innma | rail=0 | hot=0 | 다람이 그대로 굳는다. 한 박자.
P3 | front | det1 | [탐정다람] | 그림:로드 det1-0.png 표시120530px² | 배경:reception BG01_reception_panorama.png 로드 | stage=det1 | rail=0 | hot=0 | …우리 엄마 알아요?
P3 | front | innma | [상대할머니] | 그림:로드 innma-0.png 표시94607px² | 배경:reception BG01_reception_panorama.png 로드 | stage=innma | rail=0 | hot=0 | 응? 아니, 딸들은 엄마 닮는다잖니. 내가 말이 헛나왔네.
P3 | front | innma | [상대할머니] | 그림:로드 innma-0.png 표시94607px² | 배경:reception BG01_reception_panorama.png 로드 | stage=innma | rail=0 | hot=0 | 문간에 세워 놓고 이게 무슨 얘기람. 짐 내려놔. 수프 데워 줄게.
P3 | front | narr | [] | 그림:로드 innma-0.png 표시94607px²(흐림) | 배경:reception BG01_reception_panorama.png 로드 | stage=innma | rail=0 | hot=0 | 할머니가 먼저 안으로 들어간다. 다람이 아빠를 올려다본다. 아빠는 할머니가 사라진 쪽을 본다.
P3 | front | nabi | [증인나비] | 그림:로드 nabi-agree.png 표시230400px² | 배경:reception BG01_reception_panorama.png 로드 | stage=nabi | rail=0 | hot=0 | 어서 오세요! 여기 일손 나비예요. 빵은 내일 아침에 나오고요.
P3 | front | det1 | [탐정다람] | 그림:로드 det1-0.png 표시120530px² | 배경:reception BG01_reception_panorama.png 로드 | stage=det1 | rail=0 | hot=0 | 몇 시요?
P3 | front | nabi | [증인나비] | 그림:로드 nabi-agree.png 표시230400px² | 배경:reception BG01_reception_panorama.png 로드 | stage=nabi | rail=0 | hot=0 | 와, 빵 얘기엔 바로 대답하네요. 일곱 시 반이요.
P3 | front | det1 | [탐정다람] | 그림:로드 det1-0.png 표시120530px² | 배경:reception BG01_reception_panorama.png 로드 | stage=det1 | rail=0 | hot=0 | 아빠, 내일은 한 번만 깨워도 돼.
P3 | front | det0 | [탐정아빠] | 그림:로드 det1-0.png 표시120530px²(흐림) | 배경:reception BG01_reception_panorama.png 로드 | stage=det1 | rail=0 | hot=0 | 빵한테 부탁해 놓자.
P4 | hall | narr | [] | 그림:절차얼굴 표시0px²(흐림) | 배경:corridor INTRO01_corridor.png 로드 | stage=narr | rail=0 | hot=0 | 긴 복도 양쪽으로 침대가 놓인 작은 방들이 이어진다. 문마다 겨울잠 손님을 위한 두꺼운 이불.
P4 | hall | innma | [상대할머니] | 그림:로드 innma-0.png 표시94607px² | 배경:corridor INTRO01_corridor.png 로드 | stage=innma | rail=0 | hot=0 | 이쪽은 겨울잠 손님들 방이야. 너희는 앞 계단 쪽, 끝에서 둘째 방.
P4 | hall | innma | [상대할머니] | 그림:로드 innma-0.png 표시94607px² | 배경:corridor INTRO01_corridor.png 로드 | stage=innma | rail=0 | hot=0 | 등잔은 밤새 켜 둔다. 자다 깬 손님이 길을 못 찾으면 안 되니까.
P4 | hall | narr | [] | 그림:로드 innma-0.png 표시94607px²(흐림) | 배경:corridor INTRO01_corridor.png 로드 | stage=innma | rail=0 | hot=0 | 다람이 손가락으로 침대를 하나씩 센다.
P4 | hall | det1 | [탐정다람] | 그림:로드 det1-0.png 표시120530px² | 배경:corridor INTRO01_corridor.png 로드 | stage=det1 | rail=0 | hot=0 | 하나, 둘, 셋… 열하나, 열둘.
P4 | hall | narr | [] | 그림:로드 det1-0.png 표시120530px²(흐림) | 배경:corridor INTRO01_corridor.png 로드 | stage=det1 | rail=0 | hot=0 | 복도는 커다란 벽시계 앞을 지나 한 번 꺾인다. 꺾인 끝, 반쯤 열린 창고 문 안쪽에 침대가 하나 더 보인다
P4 | hall | det1 | [탐정다람] | 그림:로드 det1-1.png 표시123120px² | 배경:corridor INTRO01_corridor.png 로드 | stage=det1 | rail=0 | hot=0 | 열셋. 할머니, 침대 열세 개인데요?
P4 | hall | innma | [상대할머니] | 그림:로드 innma-0.png 표시94607px² | 배경:corridor INTRO01_corridor.png 로드 | stage=innma | rail=0 | hot=0 | 열둘이야. 늙으면 숫자도 헷갈린다니까.
P4 | hall | narr | [] | 그림:로드 innma-0.png 표시94607px²(흐림) | 배경:corridor INTRO01_corridor.png 로드 | stage=innma | rail=0 | hot=0 | 할머니가 웃으며 창고 문을 닫는다. 달칵.
P4 | hall | det1 | [탐정다람] | 그림:로드 det1-0.png 표시120530px² | 배경:corridor INTRO01_corridor.png 로드 | stage=det1 | rail=0 | hot=0 | …아빠. 헷갈린 건 할머니야, 나야?
P4 | hall | det0 | [탐정아빠] | 그림:로드 det1-0.png 표시120530px²(흐림) | 배경:corridor INTRO01_corridor.png 로드 | stage=det1 | rail=0 | hot=0 | 네가 맞게 셌어. 나도 열셋.
P4 | hall | det1 | [탐정다람] | 그림:로드 det1-2.png 표시134786px² | 배경:corridor INTRO01_corridor.png 로드 | stage=det1 | rail=0 | hot=0 | 그치? 내 손가락은 열 개여도 열셋까진 알아.
P5 | dining | narr | [] | 그림:절차얼굴 표시0px²(흐림) | 배경:옛 임시 장면(눈꽃 여관) | stage=narr | rail=0 | hot=0 | 긴 나무 식탁. 투숙객들이 저녁을 먹고 있다. 천장에 박쥐 하나가 거꾸로 매달려 있다.
P5 | dining | geokkuri | [증인거꾸리] | 그림:절차얼굴 표시43644px² | 배경:옛 임시 장면(눈꽃 여관) | stage=geokkuri | rail=0 | hot=0 | 새 얼굴! 난 거꾸리. 여기서 겨울 나. 위에서 보면 다 잘 보여.
P5 | dining | det1 | [탐정다람] | 그림:로드 det1-0.png 표시120530px² | 배경:옛 임시 장면(눈꽃 여관) | stage=det1 | rail=0 | hot=0 | 머리 안 어지러워요?
P5 | dining | geokkuri | [증인거꾸리] | 그림:절차얼굴 표시43652px² | 배경:옛 임시 장면(눈꽃 여관) | stage=geokkuri | rail=0 | hot=0 | 난 너희가 걱정인데? 저렇게 거꾸로 서서 밥이 들어가나.
P5 | dining | det1 | [탐정다람] | 그림:로드 det1-0.png 표시120530px² | 배경:옛 임시 장면(눈꽃 여관) | stage=det1 | rail=0 | hot=0 | 아빠, 저쪽에서도 우리가 이상하대.
P5 | dining | det0 | [탐정아빠] | 그림:로드 det1-0.png 표시120530px²(흐림) | 배경:옛 임시 장면(눈꽃 여관) | stage=det1 | rail=0 | hot=0 | 서로 잘 먹고 있으니 괜찮겠지.
P5 | dining | geokkuri | [증인거꾸리] | 그림:절차얼굴 표시43652px² | 배경:옛 임시 장면(눈꽃 여관) | stage=geokkuri | rail=0 | hot=0 | 해 질 녘에 일어나고, 새벽 다섯 시 종 치면 자. 밤엔 2층 복도 시계 맞은편 천장이 내 자리야.
P5 | dining | det1 | [탐정다람] | 그림:로드 det1-0.png 표시120530px² | 배경:옛 임시 장면(눈꽃 여관) | stage=det1 | rail=0 | hot=0 | 자리가 천장이면 의자는 안 사도 되겠다.
P5 | dining | geokkuri | [증인거꾸리] | 그림:절차얼굴 표시43652px² | 배경:옛 임시 장면(눈꽃 여관) | stage=geokkuri | rail=0 | hot=0 | 봐, 편하다니까. 대신 남의 일엔 안 껴. 묻는 것만 대답해.
P5 | dining | narr | [] | 그림:절차얼굴 표시0px²(흐림) | 배경:옛 임시 장면(눈꽃 여관) | stage=narr | rail=0 | hot=0 | 창가 자리, 작은 공책을 펼친 투숙객.
P5 | dining | doto | [증인도토] | 그림:로드 doto-0.png 표시117939px² | 배경:옛 임시 장면(눈꽃 여관) | stage=doto | rail=0 | hot=0 | 도토예요. 날씨 적는 중이에요.
P5 | dining | det1 | [탐정다람] | 그림:로드 det1-0.png 표시120530px² | 배경:옛 임시 장면(눈꽃 여관) | stage=det1 | rail=0 | hot=0 | 일기에 날씨만 써요?
P5 | dining | doto | [증인도토] | 그림:로드 doto-0.png 표시117939px² | 배경:옛 임시 장면(눈꽃 여관) | stage=doto | rail=0 | hot=0 | 네. 매일 이 창문으로 봐요.
P5 | dining | det1 | [탐정다람] | 그림:로드 det1-0.png 표시120530px² | 배경:옛 임시 장면(눈꽃 여관) | stage=det1 | rail=0 | hot=0 | 맨날 같으면요?
P5 | dining | doto | [증인도토] | 그림:로드 doto-0.png 표시117939px² | 배경:옛 임시 장면(눈꽃 여관) | stage=doto | rail=0 | hot=0 | 같다고 적어요.
P5 | dining | det1 | [탐정다람] | 그림:로드 det1-0.png 표시120530px² | 배경:옛 임시 장면(눈꽃 여관) | stage=det1 | rail=0 | hot=0 | …엄청 성실한 일기다.
P5 | dining | doto | [증인도토] | 그림:로드 doto-0.png 표시117939px² | 배경:옛 임시 장면(눈꽃 여관) | stage=doto | rail=0 | hot=0 | 달라지면 더 재미있고요.
P5 | dining | narr | [] | 그림:로드 doto-0.png 표시117939px²(흐림) | 배경:옛 임시 장면(눈꽃 여관) | stage=doto | rail=0 | hot=0 | 부엌 쪽에서 공구 상자를 든 주민이 나온다.
P5 | dining | buri | [증인부리] | 그림:로드 buri-0.png 표시88127px² | 배경:옛 임시 장면(눈꽃 여관) | stage=buri | rail=0 | hot=0 | 부리다. 장치공. 할머니네 부엌문 고치러 왔어.
P5 | dining | det1 | [탐정다람] | 그림:로드 det1-0.png 표시120530px² | 배경:옛 임시 장면(눈꽃 여관) | stage=det1 | rail=0 | hot=0 | 아빠, 저 아저씨는 인사도 사용 설명서 같아.
P5 | dining | det0 | [탐정아빠] | 그림:로드 det1-0.png 표시120530px²(흐림) | 배경:옛 임시 장면(눈꽃 여관) | stage=det1 | rail=0 | hot=0 | 그럼 사용 전에 인사부터 하자.
P5 | dining | det1 | [탐정다람] | 그림:로드 det1-0.png 표시120530px² | 배경:옛 임시 장면(눈꽃 여관) | stage=det1 | rail=0 | hot=0 | 안녕하세요. 저는 다람이고, 고장 난 데는 없어요.
P5 | dining | buri | [증인부리] | 그림:로드 buri-0.png 표시88127px² | 배경:옛 임시 장면(눈꽃 여관) | stage=buri | rail=0 | hot=0 | 손 조심해. 문 아직 고치는 중이야.
P5 | dining | narr | [] | 그림:로드 buri-0.png 표시88127px²(흐림) | 배경:옛 임시 장면(눈꽃 여관) | stage=buri | rail=0 | hot=0 | 잠시 뒤, 부리가 부엌문을 여닫아 본다. 이제 꼭 닫힌다.
P6 | front | narr | [] | 그림:절차얼굴 표시0px²(흐림) | 배경:reception BG01_reception_panorama.png 로드 | stage=narr | rail=0 | hot=0 | 문이 열리고 찬바람과 함께 족제비 하나가 들어온다. 고급 외투, 가죽 가방.
P6 | front | seryeon | [상대세련] | 그림:절차얼굴 표시43644px² | 배경:reception BG01_reception_panorama.png 로드 | stage=seryeon | rail=0 | hot=0 | 마차를 놓쳐서 고개를 걸어 넘었습니다. 눈 오기 전이라 다행이군요.
P6 | front | seryeon | [상대세련] | 그림:절차얼굴 표시44505px² | 배경:reception BG01_reception_panorama.png 로드 | stage=seryeon | rail=0 | hot=0 | 방 하나 부탁드립니다. 하룻밤만요. 내일 정오 마차로 나갑니다.
P6 | front | narr | [] | 그림:절차얼굴 표시44914px²(흐림) | 배경:reception BG01_reception_panorama.png 로드 | stage=seryeon | rail=0 | hot=0 | 세련이 가방을 내려놓는다. 열린 틈으로 처음 보는 봉인이 찍힌 편지 묶음이 보인다.
P6 | front | narr | [] | 그림:절차얼굴 표시44526px²(흐림) | 배경:reception BG01_reception_panorama.png 로드 | stage=seryeon | rail=0 | hot=0 | 봉인 무늬가 잠깐 비친다. 이 마을 어디에서도 본 적 없는 무늬.
P6 | front | narr | [] | 그림:절차얼굴 표시43765px²(흐림) | 배경:reception BG01_reception_panorama.png 로드 | stage=seryeon | rail=0 | hot=0 | 세련이 숙박부에 이름을 적는다. 할머니가 그 이름과 얼굴을 번갈아 본다. 손이 잠깐 멈춘다.
P6 | front | innma | [상대할머니] | 그림:로드 innma-0.png 표시94607px² | 배경:reception BG01_reception_panorama.png 로드 | stage=innma | rail=0 | hot=0 | …하룻밤. 그래요. 앞 계단 바로 옆 방 써요.
P6 | front | seryeon | [상대세련] | 그림:절차얼굴 표시43644px² | 배경:reception BG01_reception_panorama.png 로드 | stage=seryeon | rail=0 | hot=0 | 겨울잠 여관이라더니, 오래 머물 만하네요. 아늑하고요.
P7 | hall | narr | [] | 그림:절차얼굴 표시0px²(흐림) | 배경:room KARxJQAAAAZJREFUAwCG9+mwigYc9QAAAABJRU5ErkJggg== 로드 | stage=narr | rail=0 | hot=0 | 불 끈 방. 창밖 하늘이 낮다. 눈 냄새가 난다.
P7 | hall | det1 | [탐정다람] | 그림:로드 det1-0.png 표시120530px² | 배경:room KARxJQAAAAZJREFUAwCG9+mwigYc9QAAAABJRU5ErkJggg== 로드 | stage=det1 | rail=0 | hot=0 | 아빠. 엄마도 여기서 잤을까?
P7 | hall | det0 | [탐정아빠] | 그림:로드 det1-0.png 표시120530px²(흐림) | 배경:room KARxJQAAAAZJREFUAwCG9+mwigYc9QAAAABJRU5ErkJggg== 로드 | stage=det1 | rail=0 | hot=0 | 어쩌면. 내일 할머니한테 물어보자.
P7 | hall | det1 | [탐정다람] | 그림:로드 det1-0.png 표시120530px² | 배경:room KARxJQAAAAZJREFUAwCG9+mwigYc9QAAAABJRU5ErkJggg== 로드 | stage=det1 | rail=0 | hot=0 | 나는 이 방이었으면 좋겠어.
P7 | hall | det0 | [탐정아빠] | 그림:로드 det1-0.png 표시120530px²(흐림) | 배경:room KARxJQAAAAZJREFUAwCG9+mwigYc9QAAAABJRU5ErkJggg== 로드 | stage=det1 | rail=0 | hot=0 | …응. 그러면 좋겠다.
P7 | hall | narr | [] | 그림:로드 det1-0.png 표시120530px²(흐림) | 배경:room KARxJQAAAAZJREFUAwCG9+mwigYc9QAAAABJRU5ErkJggg== 로드 | stage=det1 | rail=0 | hot=0 | 멀리서 마을 종이 울린다. 다람이 이불 속에서 손가락을 접으며 센다.
P7 | hall | det1 | [탐정다람] | 그림:로드 det1-0.png 표시120530px² | 배경:room KARxJQAAAAZJREFUAwCG9+mwigYc9QAAAABJRU5ErkJggg== 로드 | stage=det1 | rail=0 | hot=0 | …아홉, 열. 열 시.
P7 | hall | det1 | [탐정다람] | 그림:로드 det1-0.png 표시120530px² | 배경:room KARxJQAAAAZJREFUAwCG9+mwigYc9QAAAABJRU5ErkJggg== 로드 | stage=det1 | rail=0 | hot=0 | 시간마다 종 쳐 주네. 시계 안 봐도 되겠다.
P7 | hall | det0 | [탐정아빠] | 그림:로드 det1-0.png 표시120530px²(흐림) | 배경:room KARxJQAAAAZJREFUAwCG9+mwigYc9QAAAABJRU5ErkJggg== 로드 | stage=det1 | rail=0 | hot=0 | 정각에만 쳐. 반 시엔 안 치고.
P7 | hall | det1 | [탐정다람] | 그림:로드 det1-0.png 표시120530px² | 배경:room KARxJQAAAAZJREFUAwCG9+mwigYc9QAAAABJRU5ErkJggg== 로드 | stage=det1 | rail=0 | hot=0 | 그럼 반은 내가 쳐 줄게. 땡.
P7 | hall | det0 | [탐정아빠] | 그림:로드 det1-0.png 표시120530px²(흐림) | 배경:room KARxJQAAAAZJREFUAwCG9+mwigYc9QAAAABJRU5ErkJggg== 로드 | stage=det1 | rail=0 | hot=0 | 작은 종은 이제 쉬어도 돼.
P7 | hall | det1 | [탐정다람] | 그림:로드 det1-0.png 표시120530px² | 배경:room KARxJQAAAAZJREFUAwCG9+mwigYc9QAAAABJRU5ErkJggg== 로드 | stage=det1 | rail=0 | hot=0 | 응. 내일은 빵 시간에 울려.
P7 | hall | narr | [] | 그림:로드 det1-0.png 표시120530px²(흐림) | 배경:room KARxJQAAAAZJREFUAwCG9+mwigYc9QAAAABJRU5ErkJggg== 로드 | stage=det1 | rail=0 | hot=0 | 다람이 이불을 끌어 올린다. 암전.
P8 | hall | narr | [] | 그림:절차얼굴 표시0px²(흐림) | 배경:corridor INTRO01_corridor.png 로드 | stage=narr | rail=0 | hot=0 | 쾅. 문 열리는 소리.
P8 | hall | seryeon | [상대세련] | 그림:절차얼굴 표시43652px² | 배경:corridor INTRO01_corridor.png 로드 | stage=seryeon | rail=0 | hot=0 | 제 계약금 주머니가 없어졌습니다! 모두 나와 보세요!
P8 | hall | narr | [] | 그림:절차얼굴 표시44505px²(흐림) | 배경:corridor INTRO01_corridor.png 로드 | stage=seryeon | rail=0 | hot=0 | 투숙객들이 복도로 몰려나온다. 천장의 거꾸리가 하품을 한다.
P8 | hall | geokkuri | [증인거꾸리] | 그림:절차얼굴 표시43652px² | 배경:corridor INTRO01_corridor.png 로드 | stage=geokkuri | rail=0 | hot=0 | 아, 무슨 일이야. 한창 자는데….
P8 | hall | seryeon | [상대세련] | 그림:절차얼굴 표시43652px² | 배경:corridor INTRO01_corridor.png 로드 | stage=seryeon | rail=0 | hot=0 | 침대 머리맡에 뒀습니다. 일어나 보니 사라졌어요.
P8 | hall | nabi | [증인나비] | 그림:로드 nabi-0.png 표시152629px² | 배경:corridor INTRO01_corridor.png 로드 | stage=nabi | rail=0 | hot=0 | 우선 방부터 같이 찾아봐요. 침대 밑으로 굴러갔을 수도 있잖아요.
P8 | hall | narr | [] | 그림:로드 nabi-0.png 표시152629px²(흐림) | 배경:corridor INTRO01_corridor.png 로드 | stage=nabi | rail=0 | hot=0 | 2층 수색이 빠르게 이어진다. 꺾인 복도 끝, 반쯤 열린 창고 문 앞에서 거꾸리가 소리친다.
P8 | hall | geokkuri | [증인거꾸리] | 그림:절차얼굴 표시43660px² | 배경:corridor INTRO01_corridor.png 로드 | stage=geokkuri | rail=0 | hot=0 | 여기! 창고라더니, 이 안에도 침대가 있네!
P8 | hall | narr | [] | 그림:절차얼굴 표시44347px²(흐림) | 배경:corridor INTRO01_corridor.png 로드 | stage=geokkuri | rail=0 | hot=0 | 창고 문이 열린다. 열세 번째 침대. 도토가 이불을 들추자 베개 쪽에서 가죽 돈주머니가 나온다.
P8 | hall | det1 | [탐정다람] | 그림:로드 det1-0.png 표시120530px² | 배경:corridor INTRO01_corridor.png 로드 | stage=det1 | rail=0 | hot=0 | …열셋.
P8 | hall | narr | [] | 그림:로드 det1-0.png 표시120530px²(흐림) | 배경:corridor INTRO01_corridor.png 로드 | stage=det1 | rail=0 | hot=0 | 할머니가 빈 베개 구석을 오래 본다. 아무 말도 하지 않는다.
P8 | hall | narr | [] | 그림:로드 det1-0.png 표시120530px²(흐림) | 배경:corridor INTRO01_corridor.png 로드 | stage=det1 | rail=0 | hot=0 | 모두의 시선이 할머니에게 간다.
P9 | bed13 | narr | [] | 그림:절차얼굴 표시0px²(흐림) | 배경:옛 임시 장면(마을 창고) | stage=narr | rail=0 | hot=0 | 계단을 올라 꼿꼿한 자세의 주민이 온다. 손에 기록부. 모두 창고 앞에 모여 있다.
P9 | bed13 | wanggu | [증인로웬] | 그림:로드 wanggu-0.png 표시180219px² | 배경:옛 임시 장면(마을 창고) | stage=wanggu | rail=0 | hot=0 | 마을 규정 담당, 로웬입니다. 사정은 들었습니다.
P9 | bed13 | wanggu | [증인로웬] | 그림:로드 wanggu-0.png 표시180219px² | 배경:옛 임시 장면(마을 창고) | stage=wanggu | rail=0 | hot=0 | 장부에 없는 침대에서 손님 돈이 나왔군요. 이 침대부터 확인하겠습니다.
P9 | bed13 | wanggu | [증인로웬] | 그림:로드 wanggu-0.png 표시180219px² | 배경:옛 임시 장면(마을 창고) | stage=wanggu | rail=0 | hot=0 | 규정상 장부에 없는 손님을 받으면 벌금입니다.
P9 | bed13 | wanggu | [증인로웬] | 그림:로드 wanggu-0.png 표시180219px² | 배경:옛 임시 장면(마을 창고) | stage=wanggu | rail=0 | hot=0 | 숙박업주가 손님 재물에 손댔다면 허가를 잃습니다. 여관도 봄 첫 마차 전까지 새 주인에게 넘겨야 합니다.
P9 | bed13 | innma | [상대할머니] | 그림:로드 innma-0.png 표시94607px² | 배경:옛 임시 장면(마을 창고) | stage=innma | rail=0 | hot=0 | 창고에 남는 침대 하나 둔 거야. 그걸 뭘 그렇게까지….
P9 | bed13 | wanggu | [증인로웬] | 그림:로드 wanggu-0.png 표시180219px² | 배경:옛 임시 장면(마을 창고) | stage=wanggu | rail=0 | hot=0 | 정오 우편 마차 전에 회의를 엽니다. 결론이 안 나면 할머니를 위 마을 관청으로 모시고 갑니다.
P9 | bed13 | det1 | [탐정다람] | 그림:로드 det1-0.png 표시120530px² | 배경:옛 임시 장면(마을 창고) | stage=det1 | rail=0 | hot=0 | 정오면… 네 시간 반밖에 없잖아요?
P9 | bed13 | wanggu | [증인로웬] | 그림:로드 wanggu-0.png 표시180219px² | 배경:옛 임시 장면(마을 창고) | stage=wanggu | rail=0 | hot=0 | 네 시간 이십칠 분입니다.
P9 | bed13 | det1 | [탐정다람] | 그림:로드 det1-0.png 표시120530px² | 배경:옛 임시 장면(마을 창고) | stage=det1 | rail=0 | hot=0 | 아빠. 말하는 동안에도 줄어들어.
P9 | bed13 | det0 | [탐정아빠] | 그림:로드 det1-0.png 표시120530px²(흐림) | 배경:옛 임시 장면(마을 창고) | stage=det1 | rail=0 | hot=0 | 그럼 우리도 움직여야겠네.
P10 | kitchen | narr | [] | 그림:절차얼굴 표시0px²(흐림) | 배경:옛 임시 장면(할머니의 부엌) | stage=narr | rail=0 | hot=0 | 어른들이 창고 앞에서 웅성거리는 사이, 다람이 혼자 뒤 계단으로 부엌에 내려간다. 반죽 냄새. 식탁 위에 아
P10 | kitchen | det1 | [탐정다람] | 그림:로드 det1-0.png 표시120530px² | 배경:옛 임시 장면(할머니의 부엌) | stage=det1 | rail=0 | hot=0 | 일곱 시 반인데. 빵도 회의 갔나?
P10 | kitchen | narr | [] | 그림:로드 det1-0.png 표시120530px²(흐림) | 배경:옛 임시 장면(할머니의 부엌) | stage=det1 | rail=0 | hot=0 | 찬장 위 커다란 찻주전자. 다람이 뚜껑을 연다.
P10 | kitchen | narr | [] | 그림:로드 det1-0.png 표시120530px²(흐림) | 배경:옛 임시 장면(할머니의 부엌) | stage=det1 | rail=0 | hot=0 | 안에 작은 겨울잠쥐 하나가 웅크려 있다. 움직이지 않는다.
P10 | kitchen | narr | [] | 그림:로드 det1-0.png 표시120530px²(흐림) | 배경:옛 임시 장면(할머니의 부엌) | stage=det1 | rail=0 | hot=0 | 다람이 손끝으로 살짝 건드린다. 차갑다.
P10 | kitchen | narr | [] | 그림:로드 det1-0.png 표시120530px²(흐림) | 배경:옛 임시 장면(할머니의 부엌) | stage=det1 | rail=0 | hot=0 | 다람은 소리를 지르지 않는다. 뚜껑을 조용히 닫는다. 그리고 뛴다.
P11 | bed13 | narr | [] | 그림:절차얼굴 표시0px²(흐림) | 배경:옛 임시 장면(마을 창고) | stage=narr | rail=0 | hot=0 | 다람이 아빠의 소매를 붙잡는다. 숨이 차다.
P11 | bed13 | det1 | [탐정다람] | 그림:로드 det1-0.png 표시120530px² | 배경:옛 임시 장면(마을 창고) | stage=det1 | rail=0 | hot=0 | 아빠. 부엌에. 누가 있어.
P11 | bed13 | det0 | [탐정아빠] | 그림:로드 det1-0.png 표시120530px²(흐림) | 배경:옛 임시 장면(마을 창고) | stage=det1 | rail=0 | hot=0 | 응, 듣고 있어. 누가 있는데?
P11 | bed13 | det1 | [탐정다람] | 그림:로드 det1-0.png 표시120530px² | 배경:옛 임시 장면(마을 창고) | stage=det1 | rail=0 | hot=0 | 작은 애. 차가워. 숨을… 안 쉬는 것 같아.
P11 | bed13 | narr | [] | 그림:로드 det1-0.png 표시120530px²(흐림) | 배경:옛 임시 장면(마을 창고) | stage=det1 | rail=0 | hot=0 | 아빠가 다람의 어깨를 한 번 잡는다. 둘이 뒤 계단으로 내려간다. 부엌. 아빠가 찻주전자 안을 본다. 오래.
P11 | kitchen | narr | [] | 그림:절차얼굴 표시0px²(흐림) | 배경:옛 임시 장면(할머니의 부엌) | stage=narr | rail=0 | hot=0 | 아빠가 두 손으로 작은 몸을 조심스럽게 꺼내 식탁 위 빵 바구니로 옮긴다. 수건을 한 겹 덮는다.
P11 | kitchen | narr | [] | 그림:절차얼굴 표시0px²(흐림) | 배경:옛 임시 장면(할머니의 부엌) | stage=narr | rail=0 | hot=0 | 로웬이 뒤따라 내려온다.
P11 | kitchen | wanggu | [증인로웬] | 그림:로드 wanggu-0.png 표시180219px² | 배경:옛 임시 장면(할머니의 부엌) | stage=wanggu | rail=0 | hot=0 | 무슨 일입니까?
P11 | kitchen | det0 | [탐정아빠] | 그림:로드 wanggu-0.png 표시180219px²(흐림) | 배경:옛 임시 장면(할머니의 부엌) | stage=wanggu | rail=0 | hot=0 | 부엌에서 손님이 하나 더 발견됐습니다. 움직이지 않습니다.
P11 | kitchen | narr | [] | 그림:로드 wanggu-0.png 표시180219px²(흐림) | 배경:옛 임시 장면(할머니의 부엌) | stage=wanggu | rail=0 | hot=0 | 로웬이 기록부에 적고 나간다.
P11 | kitchen | det1 | [탐정다람] | 그림:로드 det1-0.png 표시120530px² | 배경:옛 임시 장면(할머니의 부엌) | stage=det1 | rail=0 | hot=0 | 아빠, 저 애 괜찮을까?
P11 | kitchen | det0 | [탐정아빠] | 그림:로드 det1-0.png 표시120530px²(흐림) | 배경:옛 임시 장면(할머니의 부엌) | stage=det1 | rail=0 | hot=0 | 아직은 모르겠어. 같이 알아보자.
I1_C01 | bed13 | det1 | [탐정다람] | 그림:로드 det1-0.png 표시120530px² | 배경:옛 임시 장면(마을 창고) | stage=det1 | rail=0 | hot=0 | 아빠, 이거 냄새부터 비싸.
I1_C01 | bed13 | det0 | [탐정아빠] | 그림:로드 det1-0.png 표시120530px²(흐림) | 배경:옛 임시 장면(마을 창고) | stage=det1 | rail=0 | hot=0 | 비싼 냄새는 어떤 냄새야?
I1_C01 | bed13 | det1 | [탐정다람] | 그림:로드 det1-0.png 표시120530px² | 배경:옛 임시 장면(마을 창고) | stage=det1 | rail=0 | hot=0 | 내가 못 사는 가방 냄새.
I1_C01 | bed13 | narr | [] | 그림:로드 det1-0.png 표시120530px²(흐림) | 배경:옛 임시 장면(마을 창고) | stage=det1 | rail=0 | hot=0 | 주머니 입구를 종이 봉인띠가 감고 있다. 붉은 도장. 「세련」, 그리고 끝이 말린 별 무늬. 인주가 아직 끈
I1_C01 | bed13 | det1 | [탐정다람] | 그림:로드 det1-0.png 표시120530px² | 배경:옛 임시 장면(마을 창고) | stage=det1 | rail=0 | hot=0 | 앗. 빨간 게 묻었어. 아직 안 말랐나 봐.
I1_C01 | bed13 | narr | [] | 그림:로드 det1-0.png 표시120530px²(흐림) | 배경:옛 임시 장면(마을 창고) | stage=det1 | rail=0 | hot=0 | 봉인띠 밑에 접힌 종이가 끼워져 있다. 여관 매매 계약서. 할머니 서명 칸은 비어 있다. 세련의 서명 끝에 
I1_C01 | bed13 | narr | [] | 그림:로드 det1-0.png 표시120530px²(흐림) | 배경:옛 임시 장면(마을 창고) | stage=det1 | rail=0 | hot=0 | 앞뒤를 모두 펼쳐 볼 수 있다. 뒷면에는 「매도인이 숙박 허가를 잃는 날, 이 계약은 효력이 생긴다.」라고 
I1_C01 | bed13 | det1 | [탐정다람] | 그림:로드 det1-0.png 표시120530px² | 배경:옛 임시 장면(마을 창고) | stage=det1 | rail=0 | hot=0 | 이름 옆에 별도 그렸네. 어른인데.
I1_C01 | bed13 | det0 | [탐정아빠] | 그림:로드 det1-0.png 표시120530px²(흐림) | 배경:옛 임시 장면(마을 창고) | stage=det1 | rail=0 | hot=0 | 어른도 별은 그리지.
I1_C01 | bed13 | det1 | [탐정다람] | 그림:로드 det1-2.png 표시134786px² | 배경:옛 임시 장면(마을 창고) | stage=det1 | rail=0 | hot=0 | 나도 다음부터 하나 붙일까. 내 이름은 읽기 어려우니까.
I1_C02 | bed13 | narr | [] | 그림:절차얼굴 표시0px²(흐림) | 배경:옛 임시 장면(마을 창고) | stage=narr | rail=0 | hot=0 | 두꺼운 겨울잠 이불. 모서리에 하얀 가루로 된 손자국이 묻어 있다.
I1_C02 | bed13 | det1 | [탐정다람] | 그림:로드 det1-1.png 표시123120px² | 배경:옛 임시 장면(마을 창고) | stage=det1 | rail=0 | hot=0 | 하얀 가루다. 분필? 설탕?
I1_C02 | bed13 | det0 | [탐정아빠] | 그림:로드 det1-1.png 표시123120px²(흐림) | 배경:옛 임시 장면(마을 창고) | stage=det1 | rail=0 | hot=0 | 손에 뭔가 묻은 채로 이불을 잡았네.
I1_C02 | bed13 | det1 | [탐정다람] | 그림:로드 det1-0.png 표시120530px² | 배경:옛 임시 장면(마을 창고) | stage=det1 | rail=0 | hot=0 | 설탕이어도 안 먹어. 이불 맛 날 테니까.
I2_innma | dining | det0 | [탐정아빠] | 그림:로드 innma-0.png 표시0px²(흐림) | 배경:옛 임시 장면(?) | stage=innma | rail=0 | hot=0 | 창고에 있는 침대는 누구 겁니까?
I2_innma | dining | innma | [상대할머니] | 그림:로드 innma-0.png 표시0px² | 배경:옛 임시 장면(?) | stage=innma | rail=0 | hot=0 | 남는 침대야. 손님 많으면 쓰려고 뒀지.
I2_innma | dining | det0 | [탐정아빠] | 그림:로드 innma-0.png 표시0px²(흐림) | 배경:옛 임시 장면(?) | stage=innma | rail=0 | hot=0 | 어젯밤에도 썼습니까?
I2_innma | dining | innma | [상대할머니] | 그림:로드 innma-0.png 표시0px² | 배경:옛 임시 장면(?) | stage=innma | rail=0 | hot=0 | 아무도 안 썼어. 그런 침대는… 없는 셈 쳐도 돼.
I2_innma | dining | det1 | [탐정다람] | 그림:로드 det1-0.png 표시120530px² | 배경:옛 임시 장면(?) | stage=det1 | rail=0 | hot=0 | 있는데 없는 셈이에요? 제가 두 번 셌는데요.
I2_innma | dining | innma | [상대할머니] | 그림:로드 innma-0.png 표시0px² | 배경:옛 임시 장면(?) | stage=innma | rail=0 | hot=0 | 아가, 숫자 잘 세는 건 좋은 버릇이지. 그래도 다 세려 들진 마.
