프롤로그 끝 true · C07 true (경과 109초)
bed13: 살펴보기 7, 질문 0, 증거 C07,C02,C01 / 증언 
dining: 살펴보기 0, 질문 12, 증거 C07,C02,C01 / 증언 T_ma1,T_ma2,T_ma3,T_se1,T_se2,C12
kitchen: 살펴보기 1, 질문 5, 증거 C07,C02,C01,C04 / 증언 T_ma1,T_ma2,T_ma3,T_se1,T_se2,C12,C03,T_na2,T_na3
hall: 살펴보기 1, 질문 2, 증거 C07,C02,C01,C04,C06 / 증언 T_ma1,T_ma2,T_ma3,T_se1,T_se2,C12,C03,T_na2,T_na3,C13
dotoroom: 살펴보기 1, 질문 0, 증거 C07,C02,C01,C04,C06,C08 / 증언 T_ma1,T_ma2,T_ma3,T_se1,T_se2,C12,C03,T_na2,T_na3,C13
front: 살펴보기 1, 질문 0, 증거 C07,C02,C01,C04,C06,C08,C09 / 증언 T_ma1,T_ma2,T_ma3,T_se1,T_se2,C12,C03,T_na2,T_na3,C13
자물쇠 힌트 다람: 열한 번째 달은 일, 일. 둘째 날은 공, 이. 네 자리네!
자물쇠 오입력 1000 → 안 열려요. / 창 유지 true
자물쇠 실제 탭 1102 → 열림 true
bed13: 살펴보기 3, 질문 0, 증거 C07,C02,C01,C04,C06,C08,C09,C11 / 증언 T_ma1,T_ma2,T_ma3,T_se1,T_se2,C12,C03,T_na2,T_na3,C13
kitchen: 살펴보기 1, 질문 0, 증거 C07,C02,C01,C04,C06,C08,C09,C11,C05 / 증언 T_ma1,T_ma2,T_ma3,T_se1,T_se2,C12,C03,T_na2,T_na3,C13
조사 후 부족 []
I9 재생 true
회의 진입(증거창 버튼) true
투표판 공개 득표 · 최다 세련 6표 논의 대상 · 세련 — 득표는 범인 확정이 아니에요
F1 C05 자동 재표시 옆구리털의 붉은 글씨와 별
제시 기록:
  M1 present 발언1 C01 기대 -1 → 설득력 5→4
  M1 present 발언3 C03 기대 0 → 설득력 4→4
  M1 press 발언2  기대  → 설득력 4→4
  M1 present 발언2 C03 기대 0 순서 → 설득력 4→4
  M1 present 발언2 C02 기대 0 단계 → 설득력 4→4
  M1 present 발언2 C03 기대 정답 → 설득력 4→4
  M3 present 발언3 C09 기대 -1 → 설득력 4→3
  M3 present 발언2 C04 기대 0 이동→정답 → 설득력 3→3
  M5 present 발언2 C08 기대 0 이른 C08 → 설득력 3→3
  M5 present 발언1 C06 기대 0 → 설득력 3→3
  M5 present 발언1 C13 기대 0 ②로 이동 → 설득력 3→3
  M5 present 발언2 C07 기대 0 단계 → 설득력 3→3
  M5 present 발언2 C08 기대 정답 → 설득력 3→3
  M6 present 발언2 C04 기대 0 → 설득력 3→3
  M6 present 발언1 C13 기대 0 → 설득력 3→3
  M6 present 발언3 C10 기대 정답 → 설득력 3→3
  F1 present 발언1 C12 기대 0 → 설득력 5→5
  F1 present 발언1 C13 기대 0 단계 → 설득력 5→5
  F1 present 발언1 C01 기대 정답 → 설득력 5→5
  F3 present 발언1 C11 줄1 기대 -1 꽃 → 설득력 5→4
  F3 present 발언1 C11 줄3 기대 0 별 단계 → 설득력 4→4
  F3 present 발언1 C05 기대 정답(대체 정답 C05) → 설득력 4→4
단계 361, M-F 0, 회의 완료 true, 최종 대결 완료 true, 후일담 끝 true, 안내 "1장 끝 · 열세 번째 침대"
C13 갱신 true · "“자정쯤 족제비 아저씨가 " / 증거 C07,C02,C01,C04,C06,C08,C09,C11,C05,C10
기본 저장 그대로 true / 시험 저장 키 5
대화창 종류 {"vband":577} / 막힘 []
내부 누락 {"inn":[],"rti":[],"wmap":[]}
DBG
pass0 items 4 todo [data-obs="o_inn_box"],[data-obs="o_inn_head"],[data-spot="C01"],[data-spot="C02"]
 tap [data-obs="o_inn_box"] found=C07
 tap [data-obs="o_inn_head"] found=C07
 tap [data-spot="C01"] found=C07
 tap [data-spot="C02"] found=C07,C02
pass1 items 3 todo [data-obs="o_inn_box"],[data-spot="C01"]
 tap [data-obs="o_inn_box"] found=C07,C02
 tap [data-spot="C01"] found=C07,C02
pass2 items 3 todo [data-spot="C01"]
 tap [data-spot="C01"] found=C07,C02,C01
pass3 items 2 todo 
pass0 items 0 todo 
pass0 items 1 todo [data-spot="C04"]
 tap [data-spot="C04"] found=C07,C02,C01,C04
pass1 items 0 todo 
pass0 items 1 todo [data-spot="C06"]
 tap [data-spot="C06"] found=C07,C02,C01,C04,C06
pass1 items 0 todo 
pass0 items 1 todo [data-spot="C08"]
 tap [data-spot="C08"] found=C07,C02,C01,C04,C06,C08
pass1 items 0 todo 
pass0 items 1 todo [data-spot="C09"]
 tap [data-spot="C09"] found=C07,C02,C01,C04,C06,C08,C09
pass1 items 0 todo 
pass0 items 2 todo [data-obs="o_inn_head2"],[data-obs="o_inn_lock"]
 tap [data-obs="o_inn_head2"] found=C07,C02,C01,C04,C06,C08,C09
pass1 items 2 todo [data-obs="o_inn_lock"]
pass2 items 1 todo [data-spot="C11"]
 tap [data-spot="C11"] found=C07,C02,C01,C04,C06,C08,C09
pass3 items 1 todo [data-spot="C11"]
 tap [data-spot="C11"] found=C07,C02,C01,C04,C06,C08,C09,C11
pass4 items 0 todo 
pass0 items 1 todo [data-spot="C05"]
 tap [data-spot="C05"] found=C07,C02,C01,C04,C06,C08,C09,C11,C05
pass1 items 0 todo 
errs [] 경과 434초
프롤로그 끝 true · C07 true (경과 109초)
bed13: 살펴보기 7, 질문 0, 증거 C07,C02,C01 / 증언 
dining: 살펴보기 0, 질문 12, 증거 C07,C02,C01 / 증언 T_ma1,T_ma2,T_ma3,T_se1,T_se2,C12
kitchen: 살펴보기 1, 질문 5, 증거 C07,C02,C01,C04 / 증언 T_ma1,T_ma2,T_ma3,T_se1,T_se2,C12,C03,T_na2,T_na3
hall: 살펴보기 1, 질문 2, 증거 C07,C02,C01,C04,C06 / 증언 T_ma1,T_ma2,T_ma3,T_se1,T_se2,C12,C03,T_na2,T_na3,C13
dotoroom: 살펴보기 1, 질문 0, 증거 C07,C02,C01,C04,C06,C08 / 증언 T_ma1,T_ma2,T_ma3,T_se1,T_se2,C12,C03,T_na2,T_na3,C13
front: 살펴보기 1, 질문 0, 증거 C07,C02,C01,C04,C06,C08,C09 / 증언 T_ma1,T_ma2,T_ma3,T_se1,T_se2,C12,C03,T_na2,T_na3,C13
자물쇠 힌트 다람: 열한 번째 달은 일, 일. 둘째 날은 공, 이. 네 자리네!
자물쇠 오입력 1000 → 안 열려요. / 창 유지 true
자물쇠 실제 탭 1102 → 열림 true
bed13: 살펴보기 3, 질문 0, 증거 C07,C02,C01,C04,C06,C08,C09,C11 / 증언 T_ma1,T_ma2,T_ma3,T_se1,T_se2,C12,C03,T_na2,T_na3,C13
kitchen: 살펴보기 1, 질문 0, 증거 C07,C02,C01,C04,C06,C08,C09,C11,C05 / 증언 T_ma1,T_ma2,T_ma3,T_se1,T_se2,C12,C03,T_na2,T_na3,C13
조사 후 부족 []
I9 재생 true
회의 진입(증거창 버튼) true
투표판 공개 득표 · 최다 세련 6표 논의 대상 · 세련 — 득표는 범인 확정이 아니에요
F1 C05 자동 재표시 옆구리털의 붉은 글씨와 별
제시 기록:
  M1 present 발언1 C01 기대 -1 → 설득력 5→4
  M1 present 발언3 C03 기대 0 → 설득력 4→4
  M1 press 발언2  기대  → 설득력 4→4
  M1 present 발언2 C03 기대 0 순서 → 설득력 4→4
  M1 present 발언2 C02 기대 0 단계 → 설득력 4→4
  M1 present 발언2 C03 기대 정답 → 설득력 4→4
  M3 present 발언3 C09 기대 -1 → 설득력 4→3
  M3 present 발언2 C04 기대 0 이동→정답 → 설득력 3→3
  M5 present 발언2 C08 기대 0 이른 C08 → 설득력 3→3
  M5 present 발언1 C06 기대 0 → 설득력 3→3
  M5 present 발언1 C13 기대 0 ②로 이동 → 설득력 3→3
  M5 present 발언2 C07 기대 0 단계 → 설득력 3→3
  M5 present 발언2 C08 기대 정답 → 설득력 3→3
  M6 present 발언2 C04 기대 0 → 설득력 3→3
  M6 present 발언1 C13 기대 0 → 설득력 3→3
  M6 present 발언3 C10 기대 정답 → 설득력 3→3
  F1 present 발언1 C12 기대 0 → 설득력 5→5
  F1 present 발언1 C13 기대 0 단계 → 설득력 5→5
  F1 present 발언1 C01 기대 정답 → 설득력 5→5
  F3 present 발언1 C11 줄1 기대 -1 꽃 → 설득력 5→4
  F3 present 발언1 C11 줄3 기대 0 별 단계 → 설득력 4→4
  F3 present 발언1 C05 기대 정답(대체 정답 C05) → 설득력 4→4
단계 361, M-F 0, 회의 완료 true, 최종 대결 완료 true, 후일담 끝 true, 안내 "1장 끝 · 열세 번째 침대"
C13 갱신 true · "“자정쯤 족제비 아저씨가 " / 증거 C07,C02,C01,C04,C06,C08,C09,C11,C05,C10
기본 저장 그대로 true / 시험 저장 키 5
대화창 종류 {"vband":577} / 막힘 []
내부 누락 {"inn":[],"rti":[],"wmap":[]}
DBG
pass0 items 4 todo [data-obs="o_inn_box"],[data-obs="o_inn_head"],[data-spot="C01"],[data-spot="C02"]
 tap [data-obs="o_inn_box"] found=C07
 tap [data-obs="o_inn_head"] found=C07
 tap [data-spot="C01"] found=C07
 tap [data-spot="C02"] found=C07,C02
pass1 items 3 todo [data-obs="o_inn_box"],[data-spot="C01"]
 tap [data-obs="o_inn_box"] found=C07,C02
 tap [data-spot="C01"] found=C07,C02
pass2 items 3 todo [data-spot="C01"]
 tap [data-spot="C01"] found=C07,C02,C01
pass3 items 2 todo 
pass0 items 0 todo 
pass0 items 1 todo [data-spot="C04"]
 tap [data-spot="C04"] found=C07,C02,C01,C04
pass1 items 0 todo 
pass0 items 1 todo [data-spot="C06"]
 tap [data-spot="C06"] found=C07,C02,C01,C04,C06
pass1 items 0 todo 
pass0 items 1 todo [data-spot="C08"]
 tap [data-spot="C08"] found=C07,C02,C01,C04,C06,C08
pass1 items 0 todo 
pass0 items 1 todo [data-spot="C09"]
 tap [data-spot="C09"] found=C07,C02,C01,C04,C06,C08,C09
pass1 items 0 todo 
pass0 items 2 todo [data-obs="o_inn_head2"],[data-obs="o_inn_lock"]
 tap [data-obs="o_inn_head2"] found=C07,C02,C01,C04,C06,C08,C09
pass1 items 2 todo [data-obs="o_inn_lock"]
pass2 items 1 todo [data-spot="C11"]
 tap [data-spot="C11"] found=C07,C02,C01,C04,C06,C08,C09
pass3 items 1 todo [data-spot="C11"]
 tap [data-spot="C11"] found=C07,C02,C01,C04,C06,C08,C09,C11
pass4 items 0 todo 
pass0 items 1 todo [data-spot="C05"]
 tap [data-spot="C05"] found=C07,C02,C01,C04,C06,C08,C09,C11,C05
pass1 items 0 todo 
errs [] 경과 434초
